// Jest Snapshot v1, https://goo.gl/fbAQLP

exports[`Pruebas en <CounterApp /> Debe de mostrar el <CounterApp> correctamnete 1`] = `
<div>
  <h1>
    CounterApp
  </h1>
  <h2>
    0
  </h2>
  <h3>
    0
  </h3>
  <button
    onClick={[Function]}
  >
    +1
  </button>
  <button
    onClick={[Function]}
  >
    +1 use state
  </button>
  <button
    onClick={[Function]}
  >
    Reset
  </button>
  <button
    onClick={[Function]}
  >
    -1 use state
  </button>
</div>
`;
